2026-08-22 23:05:10.036704: I external/xla/xla/pjrt/tfrt_cpu_pjrt_client.cc:462] TfrtCpuClient created.
2026-08-22 23:05:10.312715: I external/xla/xla/service/service.cc:168] XLA service 0x56548e9236a0 initialized for platform CUDA (this does not guarantee that XLA will be used). Devices:
2026-08-22 23:05:10.312783: I external/xla/xla/service/service.cc:176]   StreamExecutor device (0): NVIDIA GeForce RTX 3090, Compute Capability 8.6
2026-08-22 23:05:10.313142: I external/xla/xla/pjrt/gpu/se_gpu_pjrt_client.cc:633] Using BFC allocator.
2026-08-22 23:05:10.313190: I external/xla/xla/pjrt/gpu/gpu_helpers.cc:108] XLA backend will use up to 18972033024 bytes on device 0 for BFCAllocator.
2026-08-22 23:05:10.406804: I external/xla/xla/pjrt/tfrt_cpu_pjrt_client.cc:465] TfrtCpuClient destroyed.
Traceback (most recent call last):
  File "/public/home/yukang/wf/HRV-A89-2C-small-tag-and-insertion-site-prioritization/.tools/envs/open_structure_007/lib/python3.10/site-packages/urllib3/connection.py", line 204, in _new_conn
    sock = connection.create_connection(
  File "/public/home/yukang/wf/HRV-A89-2C-small-tag-and-insertion-site-prioritization/.tools/envs/open_structure_007/lib/python3.10/site-packages/urllib3/util/connection.py", line 85, in create_connection
    raise err
  File "/public/home/yukang/wf/HRV-A89-2C-small-tag-and-insertion-site-prioritization/.tools/envs/open_structure_007/lib/python3.10/site-packages/urllib3/util/connection.py", line 73, in create_connection
    sock.connect(sa)
ConnectionRefusedError: [Errno 111] Connection refused

The above exception was the direct cause of the following exception:

Traceback (most recent call last):
  File "/public/home/yukang/wf/HRV-A89-2C-small-tag-and-insertion-site-prioritization/.tools/envs/open_structure_007/lib/python3.10/site-packages/urllib3/connectionpool.py", line 774, in urlopen
    self._prepare_proxy(conn)
  File "/public/home/yukang/wf/HRV-A89-2C-small-tag-and-insertion-site-prioritization/.tools/envs/open_structure_007/lib/python3.10/site-packages/urllib3/connectionpool.py", line 1055, in _prepare_proxy
    conn.connect()
  File "/public/home/yukang/wf/HRV-A89-2C-small-tag-and-insertion-site-prioritization/.tools/envs/open_structure_007/lib/python3.10/site-packages/urllib3/connection.py", line 759, in connect
    self.sock = sock = self._new_conn()
  File "/public/home/yukang/wf/HRV-A89-2C-small-tag-and-insertion-site-prioritization/.tools/envs/open_structure_007/lib/python3.10/site-packages/urllib3/connection.py", line 219, in _new_conn
    raise NewConnectionError(
urllib3.exceptions.NewConnectionError: HTTPSConnection(host='127.0.0.1', port=17897): Failed to establish a new connection: [Errno 111] Connection refused

The above exception was the direct cause of the following exception:

urllib3.exceptions.ProxyError: ('Unable to connect to proxy', NewConnectionError("HTTPSConnection(host='127.0.0.1', port=17897): Failed to establish a new connection: [Errno 111] Connection refused"))

The above exception was the direct cause of the following exception:

Traceback (most recent call last):
  File "/public/home/yukang/wf/HRV-A89-2C-small-tag-and-insertion-site-prioritization/.tools/envs/open_structure_007/lib/python3.10/site-packages/requests/adapters.py", line 696, in send
    resp = conn.urlopen(
  File "/public/home/yukang/wf/HRV-A89-2C-small-tag-and-insertion-site-prioritization/.tools/envs/open_structure_007/lib/python3.10/site-packages/urllib3/connectionpool.py", line 842, in urlopen
    retries = retries.increment(
  File "/public/home/yukang/wf/HRV-A89-2C-small-tag-and-insertion-site-prioritization/.tools/envs/open_structure_007/lib/python3.10/site-packages/urllib3/util/retry.py", line 543, in increment
    raise MaxRetryError(_pool, url, reason) from reason  # type: ignore[arg-type]
urllib3.exceptions.MaxRetryError: HTTPSConnectionPool(host='storage.googleapis.com', port=443): Max retries exceeded with url: /alphafold/alphafold_params_2021-07-14.tar (Caused by ProxyError('Unable to connect to proxy', NewConnectionError("HTTPSConnection(host='127.0.0.1', port=17897): Failed to establish a new connection: [Errno 111] Connection refused")))

During handling of the above exception, another exception occurred:

Traceback (most recent call last):
  File "/public/home/yukang/wf/HRV-A89-2C-small-tag-and-insertion-site-prioritization/.tools/envs/open_structure_007/bin/colabfold_batch", line 6, in <module>
    sys.exit(main())
  File "/public/home/yukang/wf/HRV-A89-2C-small-tag-and-insertion-site-prioritization/.tools/envs/open_structure_007/lib/python3.10/site-packages/colabfold/batch.py", line 1940, in main
    download_alphafold_params(model_type, data_dir)
  File "/public/home/yukang/wf/HRV-A89-2C-small-tag-and-insertion-site-prioritization/.tools/envs/open_structure_007/lib/python3.10/site-packages/colabfold/download.py", line 42, in download_alphafold_params
    response = requests.get(url, stream=True)
  File "/public/home/yukang/wf/HRV-A89-2C-small-tag-and-insertion-site-prioritization/.tools/envs/open_structure_007/lib/python3.10/site-packages/requests/api.py", line 87, in get
    return request("get", url, params=params, **kwargs)
  File "/public/home/yukang/wf/HRV-A89-2C-small-tag-and-insertion-site-prioritization/.tools/envs/open_structure_007/lib/python3.10/site-packages/requests/api.py", line 71, in request
    return session.request(method=method, url=url, **kwargs)
  File "/public/home/yukang/wf/HRV-A89-2C-small-tag-and-insertion-site-prioritization/.tools/envs/open_structure_007/lib/python3.10/site-packages/requests/sessions.py", line 651, in request
    resp = self.send(prep, **send_kwargs)
  File "/public/home/yukang/wf/HRV-A89-2C-small-tag-and-insertion-site-prioritization/.tools/envs/open_structure_007/lib/python3.10/site-packages/requests/sessions.py", line 784, in send
    r = adapter.send(request, **kwargs)
  File "/public/home/yukang/wf/HRV-A89-2C-small-tag-and-insertion-site-prioritization/.tools/envs/open_structure_007/lib/python3.10/site-packages/requests/adapters.py", line 723, in send
    raise ProxyError(e, request=request)
requests.exceptions.ProxyError: HTTPSConnectionPool(host='storage.googleapis.com', port=443): Max retries exceeded with url: /alphafold/alphafold_params_2021-07-14.tar (Caused by ProxyError('Unable to connect to proxy', NewConnectionError("HTTPSConnection(host='127.0.0.1', port=17897): Failed to establish a new connection: [Errno 111] Connection refused")))
