2026-08-22 23:31:12.479119: I external/xla/xla/pjrt/tfrt_cpu_pjrt_client.cc:462] TfrtCpuClient created.
2026-08-22 23:31:12.714679: I external/xla/xla/service/service.cc:168] XLA service 0x5636190afe50 initialized for platform CUDA (this does not guarantee that XLA will be used). Devices:
2026-08-22 23:31:12.714745: I external/xla/xla/service/service.cc:176]   StreamExecutor device (0): NVIDIA GeForce RTX 3090, Compute Capability 8.6
2026-08-22 23:31:12.715060: I external/xla/xla/pjrt/gpu/se_gpu_pjrt_client.cc:633] Using BFC allocator.
2026-08-22 23:31:12.715105: I external/xla/xla/pjrt/gpu/gpu_helpers.cc:108] XLA backend will use up to 18972033024 bytes on device 0 for BFCAllocator.
2026-08-22 23:31:12.744079: I external/xla/xla/pjrt/tfrt_cpu_pjrt_client.cc:465] TfrtCpuClient destroyed.
2026-08-22 23:31:13.949280: I external/xla/xla/pjrt/tfrt_cpu_pjrt_client.cc:462] TfrtCpuClient created.
2026-08-22 23:31:14.119074: I external/xla/xla/service/service.cc:168] XLA service 0x558ab30a15b0 initialized for platform CUDA (this does not guarantee that XLA will be used). Devices:
2026-08-22 23:31:14.119142: I external/xla/xla/service/service.cc:176]   StreamExecutor device (0): NVIDIA GeForce RTX 3090, Compute Capability 8.6
2026-08-22 23:31:14.119479: I external/xla/xla/pjrt/gpu/se_gpu_pjrt_client.cc:633] Using BFC allocator.
2026-08-22 23:31:14.119529: I external/xla/xla/pjrt/gpu/gpu_helpers.cc:108] XLA backend will use up to 101184176128 bytes on device 0 for BFCAllocator.
2026-08-22 23:31:14.643523: I tensorflow/core/util/port.cc:110] oneDNN custom operations are on. You may see slightly different numerical results due to floating-point round-off errors from different computation orders. To turn them off, set the environment variable `TF_ENABLE_ONEDNN_OPTS=0`.
2026-08-22 23:31:14.869990: I tensorflow/core/platform/cpu_feature_guard.cc:182] This TensorFlow binary is optimized to use available CPU instructions in performance-critical operations.
To enable the following instructions: SSE4.1 SSE4.2 AVX AVX2 AVX512F AVX512_VNNI FMA, in other operations, rebuild TensorFlow with the appropriate compiler flags.
2026-08-22 23:31:41.776238: I external/xla/xla/stream_executor/cuda/cuda_dnn.cc:440] Loaded cuDNN version 8600
2026-08-22 23:31:41.818955: I external/tsl/tsl/platform/default/subprocess.cc:304] Start cannot spawn child process: No such file or directory
2026-08-22 23:31:41.828374: I external/tsl/tsl/platform/default/subprocess.cc:304] Start cannot spawn child process: No such file or directory
2026-08-22 23:31:41.828604: I external/tsl/tsl/platform/default/subprocess.cc:304] Start cannot spawn child process: No such file or directory
2026-08-22 23:31:47.594716: I tensorflow/compiler/mlir/mlir_graph_optimization_pass.cc:353] MLIR V1 optimization pass is not enabled
2026-08-22 23:31:59.280144: I external/xla/xla/stream_executor/gpu/asm_compiler.cc:328] ptxas warning : Registers are spilled to local memory in function 'triton_gemm_dot_166', 140 bytes spill stores, 140 bytes spill loads

2026-08-22 23:32:00.225903: I external/xla/xla/stream_executor/gpu/asm_compiler.cc:328] ptxas warning : Registers are spilled to local memory in function 'triton_gemm_dot_55', 448 bytes spill stores, 448 bytes spill loads

2026-08-22 23:32:00.289561: I external/xla/xla/stream_executor/gpu/asm_compiler.cc:328] ptxas warning : Registers are spilled to local memory in function 'triton_gemm_dot_55', 424 bytes spill stores, 424 bytes spill loads

2026-08-22 23:32:01.758887: I external/xla/xla/stream_executor/gpu/asm_compiler.cc:328] ptxas warning : Registers are spilled to local memory in function 'triton_gemm_dot_60', 20 bytes spill stores, 20 bytes spill loads

2026-08-22 23:32:01.763466: I external/xla/xla/stream_executor/gpu/asm_compiler.cc:328] ptxas warning : Registers are spilled to local memory in function 'triton_gemm_dot_60', 1060 bytes spill stores, 964 bytes spill loads

2026-08-22 23:32:01.924936: I external/xla/xla/stream_executor/gpu/asm_compiler.cc:328] ptxas warning : Registers are spilled to local memory in function 'triton_gemm_dot_60', 6462 bytes spill stores, 6768 bytes spill loads

2026-08-22 23:32:02.030663: I external/xla/xla/stream_executor/gpu/asm_compiler.cc:328] ptxas warning : Registers are spilled to local memory in function 'triton_gemm_dot_60', 536 bytes spill stores, 528 bytes spill loads

2026-08-22 23:32:02.143715: I external/xla/xla/stream_executor/gpu/asm_compiler.cc:328] ptxas warning : Registers are spilled to local memory in function 'triton_gemm_dot_60', 848 bytes spill stores, 832 bytes spill loads

2026-08-22 23:32:02.209287: I external/xla/xla/stream_executor/gpu/asm_compiler.cc:328] ptxas warning : Registers are spilled to local memory in function 'triton_gemm_dot_60', 476 bytes spill stores, 440 bytes spill loads

2026-08-22 23:32:02.390714: I external/xla/xla/stream_executor/gpu/asm_compiler.cc:328] ptxas warning : Registers are spilled to local memory in function 'triton_gemm_dot_60', 5040 bytes spill stores, 4764 bytes spill loads

2026-08-22 23:32:02.403662: I external/xla/xla/stream_executor/gpu/asm_compiler.cc:328] ptxas warning : Registers are spilled to local memory in function 'triton_gemm_dot_60', 92 bytes spill stores, 92 bytes spill loads

2026-08-22 23:32:02.662956: I external/xla/xla/stream_executor/gpu/asm_compiler.cc:328] ptxas warning : Registers are spilled to local memory in function 'triton_gemm_dot_60', 7360 bytes spill stores, 7404 bytes spill loads

2026-08-22 23:32:04.504367: I external/xla/xla/stream_executor/gpu/asm_compiler.cc:328] ptxas warning : Registers are spilled to local memory in function 'triton_gemm_dot_167', 8 bytes spill stores, 8 bytes spill loads

2026-08-22 23:32:04.950270: I external/xla/xla/stream_executor/gpu/asm_compiler.cc:328] ptxas warning : Registers are spilled to local memory in function 'triton_gemm_dot_167', 364 bytes spill stores, 364 bytes spill loads

2026-08-22 23:32:05.163632: I external/xla/xla/stream_executor/gpu/asm_compiler.cc:328] ptxas warning : Registers are spilled to local memory in function 'triton_gemm_dot_167', 360 bytes spill stores, 360 bytes spill loads

2026-08-22 23:32:05.846036: I external/xla/xla/stream_executor/gpu/asm_compiler.cc:328] ptxas warning : Registers are spilled to local memory in function 'triton_gemm_dot_168', 308 bytes spill stores, 300 bytes spill loads

2026-08-22 23:32:05.990591: I external/xla/xla/stream_executor/gpu/asm_compiler.cc:328] ptxas warning : Registers are spilled to local memory in function 'triton_gemm_dot_168', 1352 bytes spill stores, 1072 bytes spill loads

2026-08-22 23:32:06.116206: I external/xla/xla/stream_executor/gpu/asm_compiler.cc:328] ptxas warning : Registers are spilled to local memory in function 'triton_gemm_dot_168', 4 bytes spill stores, 4 bytes spill loads

2026-08-22 23:32:06.129342: I external/xla/xla/stream_executor/gpu/asm_compiler.cc:328] ptxas warning : Registers are spilled to local memory in function 'triton_gemm_dot_168', 232 bytes spill stores, 212 bytes spill loads

2026-08-22 23:32:06.340464: I external/xla/xla/stream_executor/gpu/asm_compiler.cc:328] ptxas warning : Registers are spilled to local memory in function 'triton_gemm_dot_168', 580 bytes spill stores, 464 bytes spill loads

2026-08-22 23:32:07.114363: I external/xla/xla/stream_executor/gpu/asm_compiler.cc:328] ptxas warning : Registers are spilled to local memory in function 'triton_gemm_dot_173', 4 bytes spill stores, 4 bytes spill loads

2026-08-22 23:32:08.375465: I external/xla/xla/stream_executor/gpu/asm_compiler.cc:328] ptxas warning : Registers are spilled to local memory in function 'triton_gemm_dot_163', 8 bytes spill stores, 8 bytes spill loads

warning: Linking two modules of different target triples: 'LLVMDialectModule' is 'nvptx64-nvidia-gpulibs' whereas '' is 'nvptx64-nvidia-cuda'

warning: Linking two modules of different target triples: 'LLVMDialectModule' is 'nvptx64-nvidia-gpulibs' whereas '' is 'nvptx64-nvidia-cuda'

2026-08-22 23:32:14.367011: I external/xla/xla/stream_executor/gpu/asm_compiler.cc:328] ptxas warning : Registers are spilled to local memory in function 'triton_gemm_dot_60', 20 bytes spill stores, 20 bytes spill loads

2026-08-22 23:32:14.744504: I external/xla/xla/stream_executor/gpu/asm_compiler.cc:328] ptxas warning : Registers are spilled to local memory in function 'triton_gemm_dot_136', 20 bytes spill stores, 20 bytes spill loads

2026-08-22 23:32:41.741390: I external/xla/xla/pjrt/tfrt_cpu_pjrt_client.cc:465] TfrtCpuClient destroyed.
